------------------------------------------------
# doctest 2-matrix_divided.py
------------------------------------------------
>>> matrix_divided = __import__('2-matrix_divided').matrix_divided

Success : 
>>> matrix_divided([[1, 2], [3, 4]], 2.0)
[[0.5, 1.0], [1.5, 2.0]]

>>> matrix_divided([[1, 2], [3, 4]], -2.0)
[[-0.5, -1.0], [-1.5, -2.0]]

Divide a matrix by 0:
>>> matrix_divided([[1, 2], [3, 4]], 0)
Traceback (most recent call last):
ZeroDivisionError: division by zero

Divide a matrix by a non integer value:
>>> matrix_divided([[1, 2], [3, 4]], 'a')
Traceback (most recent call last):
TypeError: div must be a number

Use a matrix with different size of the row:
>>> matrix_divided([[1, 2], [3, 4, 5]], 2.0)
Traceback (most recent call last):
TypeError: Each row of the matrix must have the same size

Use a matrix with only one row:
>>> matrix_divided([1,2])
Traceback (most recent call last):
TypeError: matrix_divided() missing 1 required positional argument: 'div'

Use a matrix with 2 invalids values:
>>> matrix_divided([a, b], [f, p], 3)
Traceback (most recent call last):
NameError: name 'a' is not defined

Use a matrix without row:
>>> matrix_divided(None)
Traceback (most recent call last):
TypeError: matrix_divided() missing 1 required positional argument: 'div'

Use a matrix with invalid positional:
>>> matrix_divided([1, 2],  [5, 8], 2)
Traceback (most recent call last):
TypeError: matrix_divided() takes 2 positional arguments but 3 were given

Matrix which is not a list:
>>> matrix = ["8", [5, 3]]
>>> div = 2
>>> matrix_divided(matrix, div)
Traceback (most recent call last):
TypeError: matrix must be a matrix (list of lists)of integers/floats

Divide a matrix by a non-integer value:
>>> matrix_divided([[1, 2], [3, 4]], 'a')
Traceback (most recent call last):
TypeError: div must be a number
